// Jest Snapshot v1, https://goo.gl/fbAQLP

exports[`App.vue test initial rendering 1`] = `"<div id=\\"app\\"><div><h2>Shop</h2> <div class=\\"ui container shop\\"><div class=\\"ui cards three column\\"></div></div> <div class=\\"ui container load\\"><!----></div></div> <div><!----></div></div>"`;

exports[`App.vue test rendering with datas 1`] = `"<div id=\\"app\\"><!----> <!----></div>"`;
